// Jest Snapshot v1, https://goo.gl/fbAQLP

exports[`ArticleItem Testing snapshot testing 1`] = `
<div
  className="article-item undefined"
>
  <div
    className="item-sider"
  >
    <span
      className="ant-avatar ant-avatar-square ant-avatar-image"
      style={
        Object {
          "fontSize": 18,
          "height": 22,
          "lineHeight": "22px",
          "width": 22,
        }
      }
    >
      <img
        onError={[Function]}
        src="rss.png"
      />
    </span>
  </div>
  <div
    className="item-main"
  >
    <div
      className="item-header"
    >
      <div
        className="item-header-left"
      >
        Unknown
      </div>
      <div
        className="item-header-right"
      >
        00:32
      </div>
    </div>
    <div
      className="item-content"
    >
      Title
    </div>
    <div
      className="item-footer"
    >
      summary
    </div>
  </div>
</div>
`;
