// Jest Snapshot v1, https://goo.gl/fbAQLP

exports[`ArticleItem Testing snapshot testing 1`] = `
<injectIntl(ArticleItem)
  author="Author"
  feedId="http://www.ruanyifeng.com/blog/atom.xml"
  feedsMap={
    Immutable.Map {
      "http://www.ruanyifeng.com/blog/atom.xml": Object {
        "_id": "http://www.ruanyifeng.com/blog/atom.xml",
        "_rev": "5-55772bf2b4d4b74608a60ac3480334e4",
        "author": "ruanyifeng",
        "categories": Array [],
        "createTime": 1563686468437,
        "deleteTime": 0,
        "description": "Ruan YiFeng's Blog",
        "etag": "\\"11d86-58e2cc1eab031\\"",
        "favicon": "http://www.ruanyifeng.com/favicon.ico",
        "generator": "Movable Type 5.2.2 (http://www.sixapart.com/movabletype/)",
        "language": "",
        "link": "http://www.ruanyifeng.com/blog/",
        "publishTime": 1563697765000,
        "time": 1563697765000,
        "title": "阮一峰的网络日志",
        "url": "http://www.ruanyifeng.com/blog/atom.xml",
      },
    }
  }
  guid="guid"
  summary="Summary"
  time={1563726737427}
  title="Title"
>
  <ArticleItem
    author="Author"
    feedId="http://www.ruanyifeng.com/blog/atom.xml"
    feedsMap={
      Immutable.Map {
        "http://www.ruanyifeng.com/blog/atom.xml": Object {
          "_id": "http://www.ruanyifeng.com/blog/atom.xml",
          "_rev": "5-55772bf2b4d4b74608a60ac3480334e4",
          "author": "ruanyifeng",
          "categories": Array [],
          "createTime": 1563686468437,
          "deleteTime": 0,
          "description": "Ruan YiFeng's Blog",
          "etag": "\\"11d86-58e2cc1eab031\\"",
          "favicon": "http://www.ruanyifeng.com/favicon.ico",
          "generator": "Movable Type 5.2.2 (http://www.sixapart.com/movabletype/)",
          "language": "",
          "link": "http://www.ruanyifeng.com/blog/",
          "publishTime": 1563697765000,
          "time": 1563697765000,
          "title": "阮一峰的网络日志",
          "url": "http://www.ruanyifeng.com/blog/atom.xml",
        },
      }
    }
    guid="guid"
    intl={
      Object {
        "defaultFormats": Object {},
        "defaultLocale": "en-US",
        "formatDate": [Function],
        "formatDateToParts": [Function],
        "formatHTMLMessage": [Function],
        "formatMessage": [Function],
        "formatNumber": [Function],
        "formatNumberToParts": [Function],
        "formatPlural": [Function],
        "formatRelativeTime": [Function],
        "formatTime": [Function],
        "formatTimeToParts": [Function],
        "formats": Object {},
        "formatters": Object {
          "getDateTimeFormat": [Function],
          "getMessageFormat": [Function],
          "getNumberFormat": [Function],
          "getPluralRules": [Function],
          "getRelativeTimeFormat": [Function],
        },
        "locale": "en-US",
        "messages": Object {
          "addFeed": "Add Feed",
          "allArticlesAreReadNow": "All articles are read now.",
          "delete": "Delete",
          "doYouWantSetAllArticlesBeRead": "Do you want set all articles be read?",
          "feedUrl": "Feed Url",
          "feeds": "Feeds",
          "feedsAreUpdated": "Feeds are Updated",
          "inputKeywords": "Please input the keywords",
          "invalidFeedUrl": "Invalid Feed Url",
          "keywords": "Keywords",
          "languages": "Languages",
          "menuAllItems": "All Items",
          "menuStarred": "Starred",
          "menuSubscriptions": "Subscriptions",
          "menuUnread": "Unread",
          "noFeeds": "No Feeds",
          "noMatched": "No Matched",
          "settings": "Settings",
          "somethingWrong": "Something Wrong!",
          "title": "Breader",
          "unfoundFeed": "Unfound Feed",
          "unknown": "Unknown",
        },
        "onError": [Function],
        "textComponent": Symbol(react.fragment),
        "timeZone": undefined,
      }
    }
    summary="Summary"
    time={1563726737427}
    title="Title"
  >
    <div
      className="article-item undefined"
    >
      <div
        className="item-sider"
      >
        <Avatar
          shape="square"
          size={22}
          src="http://www.ruanyifeng.com/favicon.ico"
        >
          <span
            className="ant-avatar ant-avatar-square ant-avatar-image"
            style={
              Object {
                "fontSize": 18,
                "height": 22,
                "lineHeight": "22px",
                "width": 22,
              }
            }
          >
            <img
              onError={[Function]}
              src="http://www.ruanyifeng.com/favicon.ico"
            />
          </span>
        </Avatar>
      </div>
      <div
        className="item-main"
      >
        <div
          className="item-header"
        >
          <div
            className="item-header-left"
          >
            阮一峰的网络日志
          </div>
          <div
            className="item-header-right"
          >
            00:32
          </div>
        </div>
        <div
          className="item-content"
        >
          Title
        </div>
        <div
          className="item-footer"
        >
          Summary
        </div>
      </div>
    </div>
  </ArticleItem>
</injectIntl(ArticleItem)>
`;
